// Jest Snapshot v1, https://goo.gl/fbAQLP

exports[`JobsContainer should match the snapshot 1`] = `
ShallowWrapper {
  Symbol(enzyme.__root__): [Circular],
  Symbol(enzyme.__unrendered__): <JobsContainer
    jobTypes={
      Array [
        Object {
          "average_salary": 85000,
          "id": 1,
          "job_title": "Application Architect",
        },
        Object {
          "average_salary": 75000,
          "id": 2,
          "job_title": "Software Engineer",
        },
      ]
    }
    jobs={
      Array [
        Object {
          "company": "DHI GROUP, INC.",
          "description": "A good job",
          "id": 121,
          "job_title_id": 1,
          "location": "GREATER DENVER AREA",
          "status": "none",
        },
        Object {
          "company": "TRAVELERS HAVEN",
          "description": "A good job",
          "id": 122,
          "job_title_id": 2,
          "location": "GREATER DENVER AREA",
          "status": "saved",
        },
      ]
    }
  />,
  Symbol(enzyme.__renderer__): Object {
    "batchedUpdates": [Function],
    "getNode": [Function],
    "render": [Function],
    "simulateError": [Function],
    "simulateEvent": [Function],
    "unmount": [Function],
  },
  Symbol(enzyme.__node__): Object {
    "instance": null,
    "key": undefined,
    "nodeType": "host",
    "props": Object {
      "children": Array [
        <header
          className="jobs-container-header"
        >
          <h1>
            Developers
          </h1>
          <NavLink
            activeClassName="active"
            aria-current="page"
            className="jobs-container-link"
            to="/saved"
          >
            Saved Jobs
          </NavLink>
          <NavLink
            activeClassName="active"
            aria-current="page"
            className="jobs-container-link"
            to="/"
          >
            Home
          </NavLink>
        </header>,
        <div>
          <Connect(JobCard)
            company="DHI GROUP, INC."
            description="A good job"
            id={121}
            jobType="Application Architect"
            location="GREATER DENVER AREA"
            status="none"
          />
          <Connect(JobCard)
            company="TRAVELERS HAVEN"
            description="A good job"
            id={122}
            jobType="Software Engineer"
            location="GREATER DENVER AREA"
            status="saved"
          />
        </div>,
      ],
      "className": "jobs-container",
    },
    "ref": null,
    "rendered": Array [
      Object {
        "instance": null,
        "key": undefined,
        "nodeType": "host",
        "props": Object {
          "children": Array [
            <h1>
              Developers
            </h1>,
            <NavLink
              activeClassName="active"
              aria-current="page"
              className="jobs-container-link"
              to="/saved"
            >
              Saved Jobs
            </NavLink>,
            <NavLink
              activeClassName="active"
              aria-current="page"
              className="jobs-container-link"
              to="/"
            >
              Home
            </NavLink>,
          ],
          "className": "jobs-container-header",
        },
        "ref": null,
        "rendered": Array [
          Object {
            "instance": null,
            "key": undefined,
            "nodeType": "host",
            "props": Object {
              "children": "Developers",
            },
            "ref": null,
            "rendered": "Developers",
            "type": "h1",
          },
          Object {
            "instance": null,
            "key": undefined,
            "nodeType": "function",
            "props": Object {
              "activeClassName": "active",
              "aria-current": "page",
              "children": "Saved Jobs",
              "className": "jobs-container-link",
              "to": "/saved",
            },
            "ref": null,
            "rendered": "Saved Jobs",
            "type": [Function],
          },
          Object {
            "instance": null,
            "key": undefined,
            "nodeType": "function",
            "props": Object {
              "activeClassName": "active",
              "aria-current": "page",
              "children": "Home",
              "className": "jobs-container-link",
              "to": "/",
            },
            "ref": null,
            "rendered": "Home",
            "type": [Function],
          },
        ],
        "type": "header",
      },
      Object {
        "instance": null,
        "key": undefined,
        "nodeType": "host",
        "props": Object {
          "children": Array [
            <Connect(JobCard)
              company="DHI GROUP, INC."
              description="A good job"
              id={121}
              jobType="Application Architect"
              location="GREATER DENVER AREA"
              status="none"
            />,
            <Connect(JobCard)
              company="TRAVELERS HAVEN"
              description="A good job"
              id={122}
              jobType="Software Engineer"
              location="GREATER DENVER AREA"
              status="saved"
            />,
          ],
        },
        "ref": null,
        "rendered": Array [
          Object {
            "instance": null,
            "key": undefined,
            "nodeType": "class",
            "props": Object {
              "company": "DHI GROUP, INC.",
              "description": "A good job",
              "id": 121,
              "jobType": "Application Architect",
              "location": "GREATER DENVER AREA",
              "status": "none",
            },
            "ref": null,
            "rendered": null,
            "type": [Function],
          },
          Object {
            "instance": null,
            "key": undefined,
            "nodeType": "class",
            "props": Object {
              "company": "TRAVELERS HAVEN",
              "description": "A good job",
              "id": 122,
              "jobType": "Software Engineer",
              "location": "GREATER DENVER AREA",
              "status": "saved",
            },
            "ref": null,
            "rendered": null,
            "type": [Function],
          },
        ],
        "type": "div",
      },
    ],
    "type": "div",
  },
  Symbol(enzyme.__nodes__): Array [
    Object {
      "instance": null,
      "key": undefined,
      "nodeType": "host",
      "props": Object {
        "children": Array [
          <header
            className="jobs-container-header"
          >
            <h1>
              Developers
            </h1>
            <NavLink
              activeClassName="active"
              aria-current="page"
              className="jobs-container-link"
              to="/saved"
            >
              Saved Jobs
            </NavLink>
            <NavLink
              activeClassName="active"
              aria-current="page"
              className="jobs-container-link"
              to="/"
            >
              Home
            </NavLink>
          </header>,
          <div>
            <Connect(JobCard)
              company="DHI GROUP, INC."
              description="A good job"
              id={121}
              jobType="Application Architect"
              location="GREATER DENVER AREA"
              status="none"
            />
            <Connect(JobCard)
              company="TRAVELERS HAVEN"
              description="A good job"
              id={122}
              jobType="Software Engineer"
              location="GREATER DENVER AREA"
              status="saved"
            />
          </div>,
        ],
        "className": "jobs-container",
      },
      "ref": null,
      "rendered": Array [
        Object {
          "instance": null,
          "key": undefined,
          "nodeType": "host",
          "props": Object {
            "children": Array [
              <h1>
                Developers
              </h1>,
              <NavLink
                activeClassName="active"
                aria-current="page"
                className="jobs-container-link"
                to="/saved"
              >
                Saved Jobs
              </NavLink>,
              <NavLink
                activeClassName="active"
                aria-current="page"
                className="jobs-container-link"
                to="/"
              >
                Home
              </NavLink>,
            ],
            "className": "jobs-container-header",
          },
          "ref": null,
          "rendered": Array [
            Object {
              "instance": null,
              "key": undefined,
              "nodeType": "host",
              "props": Object {
                "children": "Developers",
              },
              "ref": null,
              "rendered": "Developers",
              "type": "h1",
            },
            Object {
              "instance": null,
              "key": undefined,
              "nodeType": "function",
              "props": Object {
                "activeClassName": "active",
                "aria-current": "page",
                "children": "Saved Jobs",
                "className": "jobs-container-link",
                "to": "/saved",
              },
              "ref": null,
              "rendered": "Saved Jobs",
              "type": [Function],
            },
            Object {
              "instance": null,
              "key": undefined,
              "nodeType": "function",
              "props": Object {
                "activeClassName": "active",
                "aria-current": "page",
                "children": "Home",
                "className": "jobs-container-link",
                "to": "/",
              },
              "ref": null,
              "rendered": "Home",
              "type": [Function],
            },
          ],
          "type": "header",
        },
        Object {
          "instance": null,
          "key": undefined,
          "nodeType": "host",
          "props": Object {
            "children": Array [
              <Connect(JobCard)
                company="DHI GROUP, INC."
                description="A good job"
                id={121}
                jobType="Application Architect"
                location="GREATER DENVER AREA"
                status="none"
              />,
              <Connect(JobCard)
                company="TRAVELERS HAVEN"
                description="A good job"
                id={122}
                jobType="Software Engineer"
                location="GREATER DENVER AREA"
                status="saved"
              />,
            ],
          },
          "ref": null,
          "rendered": Array [
            Object {
              "instance": null,
              "key": undefined,
              "nodeType": "class",
              "props": Object {
                "company": "DHI GROUP, INC.",
                "description": "A good job",
                "id": 121,
                "jobType": "Application Architect",
                "location": "GREATER DENVER AREA",
                "status": "none",
              },
              "ref": null,
              "rendered": null,
              "type": [Function],
            },
            Object {
              "instance": null,
              "key": undefined,
              "nodeType": "class",
              "props": Object {
                "company": "TRAVELERS HAVEN",
                "description": "A good job",
                "id": 122,
                "jobType": "Software Engineer",
                "location": "GREATER DENVER AREA",
                "status": "saved",
              },
              "ref": null,
              "rendered": null,
              "type": [Function],
            },
          ],
          "type": "div",
        },
      ],
      "type": "div",
    },
  ],
  Symbol(enzyme.__options__): Object {
    "adapter": ReactSixteenAdapter {
      "options": Object {
        "enableComponentDidUpdateOnSetState": true,
        "lifecycles": Object {
          "componentDidUpdate": Object {
            "onSetState": true,
          },
          "getDerivedStateFromProps": true,
          "getSnapshotBeforeUpdate": true,
          "setState": Object {
            "skipsComponentDidUpdateOnNullish": true,
          },
        },
      },
    },
  },
}
`;
