// Jest Snapshot v1, https://goo.gl/fbAQLP

exports[`SavedJobs should match the snapshot 1`] = `undefined`;
